[master 653e975] auto: 2026-06-28-12:29:56
 12 files changed, 211 insertions(+), 122 deletions(-)
 create mode 100644 sync.log
To https://github.com/LanRhyme/dotfiles.git
   4984c54..653e975  master -> master
[master fbcf454] auto: 2026-06-28-14:00:00
 10 files changed, 53 insertions(+), 62 deletions(-)
 rename dot_config/noctalia/{apply-morandi.sh => executable_apply-morandi.sh} (100%)
 mode change 100755 => 100644
 rename dot_config/noctalia/{morandi-gen.py => executable_morandi-gen.py} (100%)
 mode change 100755 => 100644
To https://github.com/LanRhyme/dotfiles.git
   efd46b5..fbcf454  master -> master
chezmoi: .config/kando: inconsistent state (/home/lanrhyme/.local/share/chezmoi/dot_config/kando, /home/lanrhyme/.local/share/chezmoi/dot_config/private_kando)
.config/kando/config.json: inconsistent state (/home/lanrhyme/.local/share/chezmoi/dot_config/kando/config.json, /home/lanrhyme/.local/share/chezmoi/dot_config/private_kando/config.json)
chezmoi: .config/kando: inconsistent state (/home/lanrhyme/.local/share/chezmoi/dot_config/kando, /home/lanrhyme/.local/share/chezmoi/dot_config/private_kando)
.config/kando/config.json: inconsistent state (/home/lanrhyme/.local/share/chezmoi/dot_config/kando/config.json, /home/lanrhyme/.local/share/chezmoi/dot_config/private_kando/config.json)
chezmoi: .config/kando: inconsistent state (/home/lanrhyme/.local/share/chezmoi/dot_config/kando, /home/lanrhyme/.local/share/chezmoi/dot_config/private_kando)
.config/kando/config.json: inconsistent state (/home/lanrhyme/.local/share/chezmoi/dot_config/kando/config.json, /home/lanrhyme/.local/share/chezmoi/dot_config/private_kando/config.json)
[master e078526] auto: 2026-06-29-00:57:40
 104 files changed, 881 insertions(+), 452 deletions(-)
 create mode 100644 dot_config/nvim/colors/morandi.lua
 create mode 100644 dot_config/nvim/lua/plugins/cursor.lua
 create mode 100644 dot_config/nvim/lua/plugins/themes/morandi/init.lua
 rename dot_config/{private_kando => private_kando_backup}/.keep (100%)
 rename dot_config/{private_kando => private_kando_backup}/README.md (100%)
 rename dot_config/{private_kando => private_kando_backup}/achievements.json (100%)
 rename dot_config/{private_kando => private_kando_backup}/config.json (100%)
 rename dot_config/{private_kando => private_kando_backup}/electron-flags.conf (100%)
 rename dot_config/{private_kando => private_kando_backup}/icon-themes/.keep (100%)
 rename dot_config/{private_kando => private_kando_backup}/ipc-info.json (100%)
 rename dot_config/{private_kando => private_kando_backup}/menu-themes/.keep (100%)
 rename dot_config/{private_kando => private_kando_backup}/menus.json (100%)
 rename dot_config/{private_kando => private_kando_backup}/private_session/private_Cache/private_Cache_Data/private_5283edf90cf4ab50_0 (100%)
 rename dot_config/{private_kando => private_kando_backup}/private_session/private_Cache/private_Cache_Data/private_8781b6b3d8a0b101_0 (100%)
 rename dot_config/{private_kando => private_kando_backup}/private_session/private_Cache/private_Cache_Data/private_index (100%)
 rename dot_config/{private_kando => private_kando_backup}/private_session/private_Cache/private_Cache_Data/private_index-dir/private_the-real-index (100%)
 rename dot_config/{private_kando => private_kando_backup}/private_session/private_Cache/private_No_Vary_Search/private_journal.baj (100%)
 rename dot_config/{private_kando => private_kando_backup}/private_session/private_Cache/private_No_Vary_Search/private_snapshot.baf (100%)
 rename dot_config/{private_kando => private_kando_backup}/private_session/private_Code Cache/private_js/private_index (100%)
 rename dot_config/{private_kando => private_kando_backup}/private_session/private_Code Cache/private_js/private_index-dir/private_the-real-index (100%)
 rename dot_config/{private_kando => private_kando_backup}/private_session/private_Code Cache/private_wasm/private_index (100%)
 rename dot_config/{private_kando => private_kando_backup}/private_session/private_Code Cache/private_wasm/private_index-dir/private_the-real-index (100%)
 rename dot_config/{private_kando => private_kando_backup}/private_session/private_Cookies (100%)
 rename dot_config/{private_kando => private_kando_backup}/private_session/private_DIPS (100%)
 rename dot_config/{private_kando => private_kando_backup}/private_session/private_DIPS-wal (100%)
 rename dot_config/{private_kando => private_kando_backup}/private_session/private_DawnGraphiteCache/private_data_0 (100%)
 rename dot_config/{private_kando => private_kando_backup}/private_session/private_DawnGraphiteCache/private_data_1 (100%)
 rename dot_config/{private_kando => private_kando_backup}/private_session/private_DawnGraphiteCache/private_data_2 (100%)
 rename dot_config/{private_kando => private_kando_backup}/private_session/private_DawnGraphiteCache/private_data_3 (100%)
 rename dot_config/{private_kando => private_kando_backup}/private_session/private_DawnGraphiteCache/private_index (100%)
 rename dot_config/{private_kando => private_kando_backup}/private_session/private_DawnWebGPUCache/private_data_0 (100%)
 rename dot_config/{private_kando => private_kando_backup}/private_session/private_DawnWebGPUCache/private_data_1 (100%)
 rename dot_config/{private_kando => private_kando_backup}/private_session/private_DawnWebGPUCache/private_data_2 (100%)
 rename dot_config/{private_kando => private_kando_backup}/private_session/private_DawnWebGPUCache/private_data_3 (100%)
 rename dot_config/{private_kando => private_kando_backup}/private_session/private_DawnWebGPUCache/private_index (100%)
 rename dot_config/{private_kando => private_kando_backup}/private_session/private_Dictionaries/en-US-10-1.bdic (100%)
 rename dot_config/{private_kando => private_kando_backup}/private_session/private_GPUCache/private_data_0 (100%)
 rename dot_config/{private_kando => private_kando_backup}/private_session/private_GPUCache/private_data_1 (100%)
 rename dot_config/{private_kando => private_kando_backup}/private_session/private_GPUCache/private_data_2 (100%)
 rename dot_config/{private_kando => private_kando_backup}/private_session/private_GPUCache/private_data_3 (100%)
 rename dot_config/{private_kando => private_kando_backup}/private_session/private_GPUCache/private_index (100%)
 rename dot_config/{private_kando => private_kando_backup}/private_session/private_Local State (100%)
 rename dot_config/{private_kando => private_kando_backup}/private_session/private_Local Storage/private_leveldb/private_000003.log (100%)
 rename dot_config/{private_kando => private_kando_backup}/private_session/private_Local Storage/private_leveldb/private_CURRENT (100%)
 rename dot_config/{private_kando => private_kando_backup}/private_session/private_Local Storage/private_leveldb/private_LOG (100%)
 rename dot_config/{private_kando => private_kando_backup}/private_session/private_Local Storage/private_leveldb/private_LOG.old (100%)
 rename dot_config/{private_kando => private_kando_backup}/private_session/private_Local Storage/private_leveldb/private_MANIFEST-000001 (100%)
 rename dot_config/{private_kando => private_kando_backup}/private_session/private_Local Storage/private_leveldb/private_empty_LOCK (100%)
 rename dot_config/{private_kando => private_kando_backup}/private_session/private_Network Persistent State (100%)
 rename dot_config/{private_kando => private_kando_backup}/private_session/private_Preferences (100%)
 rename dot_config/{private_kando => private_kando_backup}/private_session/private_Session Storage/private_000003.log (100%)
 rename dot_config/{private_kando => private_kando_backup}/private_session/private_Session Storage/private_CURRENT (100%)
 rename dot_config/{private_kando => private_kando_backup}/private_session/private_Session Storage/private_LOG (100%)
 rename dot_config/{private_kando => private_kando_backup}/private_session/private_Session Storage/private_LOG.old (100%)
 rename dot_config/{private_kando => private_kando_backup}/private_session/private_Session Storage/private_MANIFEST-000001 (100%)
 rename dot_config/{private_kando => private_kando_backup}/private_session/private_Session Storage/private_empty_LOCK (100%)
 rename dot_config/{private_kando => private_kando_backup}/private_session/private_Shared Dictionary/private_cache/private_index (100%)
 rename dot_config/{private_kando => private_kando_backup}/private_session/private_Shared Dictionary/private_cache/private_index-dir/private_the-real-index (100%)
 rename dot_config/{private_kando => private_kando_backup}/private_session/private_Shared Dictionary/private_db (100%)
 rename dot_config/{private_kando => private_kando_backup}/private_session/private_Shared Dictionary/private_empty_db-journal (100%)
 rename dot_config/{private_kando => private_kando_backup}/private_session/private_SharedStorage (100%)
 rename dot_config/{private_kando => private_kando_backup}/private_session/private_Trust Tokens (100%)
 rename dot_config/{private_kando => private_kando_backup}/private_session/private_VideoDecodeStats/private_empty_LOCK (100%)
 rename dot_config/{private_kando => private_kando_backup}/private_session/private_VideoDecodeStats/private_empty_LOG (100%)
 rename dot_config/{private_kando => private_kando_backup}/private_session/private_VideoDecodeStats/private_empty_LOG.old (100%)
 rename dot_config/{private_kando => private_kando_backup}/private_session/private_blob_storage/private_a1e48929-524c-4c7e-9a9a-5ab4f47ab4ac/.keep (100%)
 rename dot_config/{private_kando => private_kando_backup}/private_session/private_empty_Cookies-journal (100%)
 rename dot_config/{private_kando => private_kando_backup}/private_session/private_empty_SharedStorage-wal (100%)
 rename dot_config/{private_kando => private_kando_backup}/private_session/private_empty_Trust Tokens-journal (100%)
 rename dot_config/{private_kando => private_kando_backup}/private_session/private_logs/.keep (100%)
 rename dot_config/{private_kando => private_kando_backup}/private_session/private_shared_proto_db/private_000003.log (100%)
 rename dot_config/{private_kando => private_kando_backup}/private_session/private_shared_proto_db/private_CURRENT (100%)
 rename dot_config/{private_kando => private_kando_backup}/private_session/private_shared_proto_db/private_LOG (100%)
 rename dot_config/{private_kando => private_kando_backup}/private_session/private_shared_proto_db/private_LOG.old (100%)
 rename dot_config/{private_kando => private_kando_backup}/private_session/private_shared_proto_db/private_MANIFEST-000001 (100%)
 rename dot_config/{private_kando => private_kando_backup}/private_session/private_shared_proto_db/private_empty_LOCK (100%)
 rename dot_config/{private_kando => private_kando_backup}/private_session/private_shared_proto_db/private_metadata/private_000003.log (100%)
 rename dot_config/{private_kando => private_kando_backup}/private_session/private_shared_proto_db/private_metadata/private_CURRENT (100%)
 rename dot_config/{private_kando => private_kando_backup}/private_session/private_shared_proto_db/private_metadata/private_LOG (100%)
 rename dot_config/{private_kando => private_kando_backup}/private_session/private_shared_proto_db/private_metadata/private_LOG.old (100%)
 rename dot_config/{private_kando => private_kando_backup}/private_session/private_shared_proto_db/private_metadata/private_MANIFEST-000001 (100%)
 rename dot_config/{private_kando => private_kando_backup}/private_session/private_shared_proto_db/private_metadata/private_empty_LOCK (100%)
 rename dot_config/{private_kando => private_kando_backup}/sound-themes/.keep (100%)
致命错误：无法访问 'https://github.com/LanRhyme/dotfiles.git/'：TLS connect error: error:0A000126:SSL routines::unexpected eof while reading
[master c94777f] auto: 2026-06-29-10:00:01
 1 file changed, 86 insertions(+)
To https://github.com/LanRhyme/dotfiles.git
   e078526..c94777f  master -> master
[master 71b0e41] auto: 2026-06-29-14:00:02
 7 files changed, 35 insertions(+), 11 deletions(-)
To https://github.com/LanRhyme/dotfiles.git
   c94777f..71b0e41  master -> master
[master 1ea7b3d] auto: 2026-06-29-16:00:01
 4 files changed, 82 insertions(+), 33 deletions(-)
To https://github.com/LanRhyme/dotfiles.git
   d4192c6..1ea7b3d  master -> master
[master 9c97aad] auto: 2026-06-29-20:00:01
 4 files changed, 43 insertions(+), 33 deletions(-)
To https://github.com/LanRhyme/dotfiles.git
   1ea7b3d..9c97aad  master -> master
[master db64664] auto: 2026-06-29-22:00:01
 2 files changed, 99 insertions(+), 82 deletions(-)
To https://github.com/LanRhyme/dotfiles.git
   9c97aad..db64664  master -> master
[master 1d05244] auto: 2026-06-30-00:00:00
 1 file changed, 4 insertions(+)
致命错误：无法访问 'https://github.com/LanRhyme/dotfiles.git/'：OpenSSL SSL_read: OpenSSL/3.6.3: error:0A000126:SSL routines::unexpected eof while reading, errno 0
[master b591adb] auto: 2026-06-30-10:00:01
 1 file changed, 3 insertions(+)
To https://github.com/LanRhyme/dotfiles.git
   db64664..b591adb  master -> master
[master ac03f97] auto: 2026-06-30-12:00:00
 3 files changed, 103 insertions(+), 87 deletions(-)
To https://github.com/LanRhyme/dotfiles.git
   f31dee3..ac03f97  master -> master
[master 8ed00b1] auto: 2026-06-30-14:00:01
 2 files changed, 7 insertions(+), 7 deletions(-)
 rename dot_config/{kdenliverc => private_kdenliverc} (100%)
To https://github.com/LanRhyme/dotfiles.git
   3431e22..8ed00b1  master -> master
chezmoi: .config/noctalia/morandi-gen.py: inconsistent state (/home/lanrhyme/.local/share/chezmoi/dot_config/noctalia/executable_morandi-gen.py, /home/lanrhyme/.local/share/chezmoi/dot_config/noctalia/morandi-gen.py)
chezmoi: .config/noctalia/morandi-gen.py: inconsistent state (/home/lanrhyme/.local/share/chezmoi/dot_config/noctalia/executable_morandi-gen.py, /home/lanrhyme/.local/share/chezmoi/dot_config/noctalia/morandi-gen.py)
[master face9ca] auto: 2026-06-30-20:19:18
 15 files changed, 433 insertions(+), 612 deletions(-)
 create mode 100644 dot_config/Kvantum/kvantum.kvconfig
 create mode 100644 dot_config/blender/5.1/config/platform_support.txt
 create mode 100644 dot_config/blender/5.1/config/userpref.blend
 create mode 100644 dot_config/btop/themes/noctalia.theme
 create mode 100644 dot_config/fastfetch/executable_avatar.png
 create mode 100644 dot_config/gtk-3.0/gtk.css
 create mode 100644 dot_config/gtk-3.0/noctalia.css
 create mode 100644 dot_config/gtk-4.0/gtk.css
 create mode 100644 dot_config/gtk-4.0/noctalia.css
 create mode 100644 dot_config/kando/electron-flags.conf
 create mode 100644 dot_config/kando/menus.json
 delete mode 100644 dot_config/noctalia/executable_morandi-gen.py
 mode change 100755 => 100644 dot_config/noctalia/morandi-gen.py
 create mode 100644 dot_config/private_gpu-screen-recorder/empty_restore_token
To https://github.com/LanRhyme/dotfiles.git
   8098efe..face9ca  master -> master
[master 9d2c6b2] auto: 2026-06-30-20:52:48
 8 files changed, 82 insertions(+), 336 deletions(-)
To https://github.com/LanRhyme/dotfiles.git
   face9ca..9d2c6b2  master -> master
[master 531fe9c] auto: 2026-06-30-21:16:24
 2 files changed, 5 insertions(+), 1 deletion(-)
To https://github.com/LanRhyme/dotfiles.git
   9d2c6b2..531fe9c  master -> master
[master 23eae76] auto: 2026-06-30-21:23:05
 2 files changed, 25 insertions(+), 15 deletions(-)
To https://github.com/LanRhyme/dotfiles.git
   531fe9c..23eae76  master -> master
[master 12dd1a3] auto: 2026-06-30-21:30:20
 2 files changed, 10 insertions(+), 8 deletions(-)
To https://github.com/LanRhyme/dotfiles.git
   23eae76..12dd1a3  master -> master
[master eafcad0] auto: 2026-06-30-21:36:37
 2 files changed, 5 insertions(+), 40 deletions(-)
To https://github.com/LanRhyme/dotfiles.git
   12dd1a3..eafcad0  master -> master
[master 1e6a485] auto: 2026-06-30-21:43:05
 2 files changed, 29 insertions(+)
To https://github.com/LanRhyme/dotfiles.git
   eafcad0..1e6a485  master -> master
[master 98acfb1] auto: 2026-06-30-21:54:20
 2 files changed, 5 insertions(+), 1 deletion(-)
To https://github.com/LanRhyme/dotfiles.git
   1e6a485..98acfb1  master -> master
[master cdbd844] auto: 2026-06-30-21:59:02
 2 files changed, 5 insertions(+), 21 deletions(-)
To https://github.com/LanRhyme/dotfiles.git
   98acfb1..cdbd844  master -> master
[master 042324c] auto: 2026-06-30-22:00:00
 1 file changed, 4 insertions(+)
To https://github.com/LanRhyme/dotfiles.git
   cdbd844..042324c  master -> master
[master fe133bf] auto: 2026-06-30-22:00:26
 2 files changed, 29 insertions(+)
To https://github.com/LanRhyme/dotfiles.git
   042324c..fe133bf  master -> master
[master 90eecf0] auto: 2026-06-30-22:04:37
 2 files changed, 5 insertions(+), 1 deletion(-)
To https://github.com/LanRhyme/dotfiles.git
   fe133bf..90eecf0  master -> master
[master c30973b] auto: 2026-06-30-22:07:16
 3 files changed, 64 insertions(+)
 create mode 100644 AGENTS.md
 create mode 100644 agent.md
To https://github.com/LanRhyme/dotfiles.git
   90eecf0..c30973b  master -> master
[master a455c40] auto: 2026-06-30-22:10:43
 1 file changed, 6 insertions(+)
To https://github.com/LanRhyme/dotfiles.git
   c30973b..a455c40  master -> master
[master 6728108] auto: 2026-06-30-22:15:07
 3 files changed, 23 insertions(+)
 create mode 100644 MEMORY.md
To https://github.com/LanRhyme/dotfiles.git
   a455c40..6728108  master -> master
[master 960d0f9] auto: 2026-06-30-22:17:10
 3 files changed, 19 insertions(+), 14 deletions(-)
To https://github.com/LanRhyme/dotfiles.git
   6728108..960d0f9  master -> master
[master e4b8207] auto: 2026-06-30-22:26:10
 2 files changed, 88 insertions(+), 3 deletions(-)
To https://github.com/LanRhyme/dotfiles.git
   960d0f9..e4b8207  master -> master
[master 21e96aa] auto: 2026-06-30-22:29:03
 2 files changed, 6 insertions(+), 2 deletions(-)
To https://github.com/LanRhyme/dotfiles.git
   e4b8207..21e96aa  master -> master
[master 429f5ae] auto: 2026-06-30-22:31:41
 2 files changed, 11 insertions(+)
To https://github.com/LanRhyme/dotfiles.git
   21e96aa..429f5ae  master -> master
[master c737e23] auto: 2026-06-30-22:35:27
 2 files changed, 22 insertions(+), 11 deletions(-)
To https://github.com/LanRhyme/dotfiles.git
   429f5ae..c737e23  master -> master
[master 1e5dd19] auto: 2026-06-30-22:38:23
 2 files changed, 26 insertions(+)
To https://github.com/LanRhyme/dotfiles.git
   c737e23..1e5dd19  master -> master
[master 7a37ea5] auto: 2026-06-30-22:41:36
 2 files changed, 43 insertions(+)
To https://github.com/LanRhyme/dotfiles.git
   1e5dd19..7a37ea5  master -> master
[master 6993038] auto: 2026-06-30-22:44:11
 2 files changed, 16 insertions(+), 12 deletions(-)
To https://github.com/LanRhyme/dotfiles.git
   7a37ea5..6993038  master -> master
[master 2070ead] auto: 2026-07-24-12:00:01
 3 files changed, 58 insertions(+), 4 deletions(-)
To https://github.com/LanRhyme/dotfiles.git
   414f5e4..2070ead  master -> master
[master f6b3a2b] auto: 2026-07-26-22:00:00
 1 file changed, 20 insertions(+), 19 deletions(-)
To https://github.com/LanRhyme/dotfiles.git
   c4e199e..f6b3a2b  master -> master
[master a899437] auto: 2026-07-27-02:00:01
 4 files changed, 34 insertions(+), 36 deletions(-)
To https://github.com/LanRhyme/dotfiles.git
   f6b3a2b..a899437  master -> master
[master 5e05f00] auto: 2026-07-27-10:00:00
 2 files changed, 21 insertions(+), 17 deletions(-)
To https://github.com/LanRhyme/dotfiles.git
   a899437..5e05f00  master -> master
[master 15c4c37] auto: 2026-07-27-12:00:00
 2 files changed, 22 insertions(+), 9 deletions(-)
To https://github.com/LanRhyme/dotfiles.git
   5e05f00..15c4c37  master -> master
[master 742eed9] auto: 2026-07-27-13:02:05
 2 files changed, 8 insertions(+), 4 deletions(-)
To https://github.com/LanRhyme/dotfiles.git
   15c4c37..742eed9  master -> master
[master 01f63a8] auto: 2026-07-27-20:00:01
 1 file changed, 4 insertions(+)
To https://github.com/LanRhyme/dotfiles.git
   742eed9..01f63a8  master -> master
[master fb6a94e] auto: 2026-07-27-22:00:01
 2 files changed, 8 insertions(+), 4 deletions(-)
To https://github.com/LanRhyme/dotfiles.git
   01f63a8..fb6a94e  master -> master
[master 1a35413] auto: 2026-07-27-22:20:27
 2 files changed, 6 insertions(+), 2 deletions(-)
To https://github.com/LanRhyme/dotfiles.git
   fb6a94e..1a35413  master -> master
[master 5e44e92] auto: 2026-07-27-22:46:34
 2 files changed, 80 insertions(+), 76 deletions(-)
To https://github.com/LanRhyme/dotfiles.git
   1a35413..5e44e92  master -> master
[master 0bd4633] auto: 2026-07-28-00:00:01
 2 files changed, 95 insertions(+), 91 deletions(-)
To https://github.com/LanRhyme/dotfiles.git
   5e44e92..0bd4633  master -> master
[master 8a40de1] auto: 2026-07-28-10:00:00
 2 files changed, 5 insertions(+), 1 deletion(-)
致命错误：无法访问 'https://github.com/LanRhyme/dotfiles.git/'：OpenSSL SSL_read: OpenSSL/3.6.3: error:0A000126:SSL routines::unexpected eof while reading, errno 0
[master 3c0bc8c] auto: 2026-07-28-17:49:20
 2 files changed, 7 insertions(+), 4 deletions(-)
To https://github.com/LanRhyme/dotfiles.git
   0bd4633..3c0bc8c  master -> master
[master 0eea891] auto: 2026-07-28-18:00:01
 1 file changed, 4 insertions(+)
To https://github.com/LanRhyme/dotfiles.git
   3c0bc8c..0eea891  master -> master
[master 82097d3] auto: 2026-07-28-20:00:00
 1 file changed, 4 insertions(+)
To https://github.com/LanRhyme/dotfiles.git
   0eea891..82097d3  master -> master
[master af207e3] auto: 2026-07-28-20:31:19
 1 file changed, 4 insertions(+)
To https://github.com/LanRhyme/dotfiles.git
   82097d3..af207e3  master -> master
[master 03c1cf1] auto: 2026-07-29-10:00:01
 3 files changed, 6 insertions(+)
To https://github.com/LanRhyme/dotfiles.git
   af207e3..03c1cf1  master -> master
[master f9513af] auto: 2026-07-29-20:00:01
 2 files changed, 7 insertions(+), 3 deletions(-)
To https://github.com/LanRhyme/dotfiles.git
   03c1cf1..f9513af  master -> master
[master 03d22ce] auto: 2026-07-29-22:00:01
 2 files changed, 20 insertions(+), 4 deletions(-)
To https://github.com/LanRhyme/dotfiles.git
   f9513af..03d22ce  master -> master
[master 1b99720] auto: 2026-07-29-22:53:41
 3 files changed, 15 insertions(+), 11 deletions(-)
To https://github.com/LanRhyme/dotfiles.git
   03d22ce..1b99720  master -> master
[master e41f451] auto: 2026-07-29-23:36:00
 2 files changed, 28 insertions(+), 24 deletions(-)
To https://github.com/LanRhyme/dotfiles.git
   1b99720..e41f451  master -> master
[master 605eb9c] auto: 2026-07-29-23:38:07
 2 files changed, 5 insertions(+), 1 deletion(-)
To https://github.com/LanRhyme/dotfiles.git
   e41f451..605eb9c  master -> master
[master 84e7c7b] auto: 2026-07-30-17:06:31
 2 files changed, 11 insertions(+), 7 deletions(-)
To https://github.com/LanRhyme/dotfiles.git
   605eb9c..84e7c7b  master -> master
[master e71fa18] auto: 2026-07-30-17:08:14
 2 files changed, 20 insertions(+), 16 deletions(-)
To https://github.com/LanRhyme/dotfiles.git
   84e7c7b..e71fa18  master -> master
[master d39d576] auto: 2026-07-30-17:10:22
 1 file changed, 4 insertions(+)
To https://github.com/LanRhyme/dotfiles.git
   e71fa18..d39d576  master -> master
[master 5074bf3] auto: 2026-07-30-17:13:17
 1 file changed, 4 insertions(+)
To https://github.com/LanRhyme/dotfiles.git
   d39d576..5074bf3  master -> master
[master cb2791f] auto: 2026-07-30-17:29:36
 3 files changed, 11 insertions(+), 2 deletions(-)
To https://github.com/LanRhyme/dotfiles.git
   5074bf3..cb2791f  master -> master
[master 9faab8a] auto: 2026-07-30-17:33:43
 2 files changed, 6 insertions(+), 2 deletions(-)
To https://github.com/LanRhyme/dotfiles.git
   cb2791f..9faab8a  master -> master
[master 4134405] auto: 2026-07-30-17:40:18
 2 files changed, 5 insertions(+), 1 deletion(-)
To https://github.com/LanRhyme/dotfiles.git
   9faab8a..4134405  master -> master
[master 1871b81] auto: 2026-07-30-17:44:59
 2 files changed, 12 insertions(+), 8 deletions(-)
To https://github.com/LanRhyme/dotfiles.git
   4134405..1871b81  master -> master
[master a772d68] auto: 2026-07-30-17:46:24
 1 file changed, 4 insertions(+)
To https://github.com/LanRhyme/dotfiles.git
   1871b81..a772d68  master -> master
[master 9fd185a] auto: 2026-07-30-17:49:24
 2 files changed, 12 insertions(+), 8 deletions(-)
To https://github.com/LanRhyme/dotfiles.git
   a772d68..9fd185a  master -> master
[master 464fd0c] auto: 2026-07-30-18:00:00
 1 file changed, 4 insertions(+)
To https://github.com/LanRhyme/dotfiles.git
   9fd185a..464fd0c  master -> master
[master 0c588b9] auto: 2026-07-30-20:00:00
 1 file changed, 4 insertions(+)
To https://github.com/LanRhyme/dotfiles.git
   464fd0c..0c588b9  master -> master
[master bed91eb] auto: 2026-07-30-20:48:28
 1 file changed, 4 insertions(+)
To https://github.com/LanRhyme/dotfiles.git
   0c588b9..bed91eb  master -> master
